// Jest Snapshot v1, https://goo.gl/fbAQLP

exports[`Hero Component should render correctly 1`] = `
<WithStyles(Component)
  classes={Object {}}
  fullHeight={false}
  fullPage={false}
  fullWidth={true}
>
  <Component
    classes={
      Object {
        "flex": "Component-flex-4",
        "fullHeight": "Component-fullHeight-2",
        "fullPageWrapper": "Component-fullPageWrapper-3",
        "fullWidth": "Component-fullWidth-1",
      }
    }
    fullHeight={false}
    fullPage={false}
    fullWidth={true}
  >
    <div
      className="Component-fullWidth-1"
    >
      <div
        className="Component-fullWidth-1 Component-flex-4"
      >
        <div>
          child
        </div>
      </div>
    </div>
  </Component>
</WithStyles(Component)>
`;
