// Jest Snapshot v1, https://goo.gl/fbAQLP

exports[`Category Component should render correctly 1`] = `
<WithStyles(Component)
  classes={Object {}}
  fullHeight={false}
  fullPage={false}
  fullWidth={false}
  variant="linear"
>
  <Component
    classes={
      Object {
        "flex": "Component-flex-4",
        "fullHeight": "Component-fullHeight-2",
        "fullPageWrapper": "Component-fullPageWrapper-3",
        "fullWidth": "Component-fullWidth-1",
      }
    }
    fullHeight={false}
    fullPage={false}
    fullWidth={false}
    variant="linear"
  >
    <div
      className=""
    >
      <div
        className="Component-flex-4"
      >
        <WithStyles(LinearProgress)>
          <LinearProgress
            classes={
              Object {
                "bar": "MuiLinearProgress-bar-13",
                "bar1Buffer": "MuiLinearProgress-bar1Buffer-18",
                "bar1Determinate": "MuiLinearProgress-bar1Determinate-17",
                "bar1Indeterminate": "MuiLinearProgress-bar1Indeterminate-16",
                "bar2Buffer": "MuiLinearProgress-bar2Buffer-21",
                "bar2Determinate": "MuiLinearProgress-bar2Determinate-20",
                "bar2Indeterminate": "MuiLinearProgress-bar2Indeterminate-19",
                "barColorPrimary": "MuiLinearProgress-barColorPrimary-14",
                "barColorSecondary": "MuiLinearProgress-barColorSecondary-15",
                "buffer": "MuiLinearProgress-buffer-8",
                "colorPrimary": "MuiLinearProgress-colorPrimary-6",
                "colorSecondary": "MuiLinearProgress-colorSecondary-7",
                "dashed": "MuiLinearProgress-dashed-10",
                "dashedColorPrimary": "MuiLinearProgress-dashedColorPrimary-11",
                "dashedColorSecondary": "MuiLinearProgress-dashedColorSecondary-12",
                "query": "MuiLinearProgress-query-9",
                "root": "MuiLinearProgress-root-5",
              }
            }
            color="primary"
            variant="indeterminate"
          >
            <div
              className="MuiLinearProgress-root-5 MuiLinearProgress-colorPrimary-6"
              role="progressbar"
            >
              <div
                className="MuiLinearProgress-bar-13 MuiLinearProgress-barColorPrimary-14 MuiLinearProgress-bar1Indeterminate-16"
                style={Object {}}
              />
              <div
                className="MuiLinearProgress-bar-13 MuiLinearProgress-barColorPrimary-14 MuiLinearProgress-bar2Indeterminate-19"
                style={Object {}}
              />
            </div>
          </LinearProgress>
        </WithStyles(LinearProgress)>
      </div>
    </div>
  </Component>
</WithStyles(Component)>
`;

exports[`Progress Component should render correctly 1`] = `
<WithStyles(Component)
  classes={Object {}}
  fullHeight={false}
  fullPage={false}
  fullWidth={false}
  variant="linear"
>
  <Component
    classes={
      Object {
        "flex": "Component-flex-4",
        "fullHeight": "Component-fullHeight-2",
        "fullPageWrapper": "Component-fullPageWrapper-3",
        "fullWidth": "Component-fullWidth-1",
      }
    }
    fullHeight={false}
    fullPage={false}
    fullWidth={false}
    variant="linear"
  >
    <div
      className=""
    >
      <div
        className="Component-flex-4"
      >
        <WithStyles(LinearProgress)>
          <LinearProgress
            classes={
              Object {
                "bar": "MuiLinearProgress-bar-13",
                "bar1Buffer": "MuiLinearProgress-bar1Buffer-18",
                "bar1Determinate": "MuiLinearProgress-bar1Determinate-17",
                "bar1Indeterminate": "MuiLinearProgress-bar1Indeterminate-16",
                "bar2Buffer": "MuiLinearProgress-bar2Buffer-21",
                "bar2Determinate": "MuiLinearProgress-bar2Determinate-20",
                "bar2Indeterminate": "MuiLinearProgress-bar2Indeterminate-19",
                "barColorPrimary": "MuiLinearProgress-barColorPrimary-14",
                "barColorSecondary": "MuiLinearProgress-barColorSecondary-15",
                "buffer": "MuiLinearProgress-buffer-8",
                "colorPrimary": "MuiLinearProgress-colorPrimary-6",
                "colorSecondary": "MuiLinearProgress-colorSecondary-7",
                "dashed": "MuiLinearProgress-dashed-10",
                "dashedColorPrimary": "MuiLinearProgress-dashedColorPrimary-11",
                "dashedColorSecondary": "MuiLinearProgress-dashedColorSecondary-12",
                "query": "MuiLinearProgress-query-9",
                "root": "MuiLinearProgress-root-5",
              }
            }
            color="primary"
            variant="indeterminate"
          >
            <div
              className="MuiLinearProgress-root-5 MuiLinearProgress-colorPrimary-6"
              role="progressbar"
            >
              <div
                className="MuiLinearProgress-bar-13 MuiLinearProgress-barColorPrimary-14 MuiLinearProgress-bar1Indeterminate-16"
                style={Object {}}
              />
              <div
                className="MuiLinearProgress-bar-13 MuiLinearProgress-barColorPrimary-14 MuiLinearProgress-bar2Indeterminate-19"
                style={Object {}}
              />
            </div>
          </LinearProgress>
        </WithStyles(LinearProgress)>
      </div>
    </div>
  </Component>
</WithStyles(Component)>
`;
