// Jest Snapshot v1, https://goo.gl/fbAQLP

exports[`Account Signin Component should disable to submit button if errors is not empty 1`] = `
<div>
  <div>
    <Form>
      <WithStyles(Grid)
        container={true}
        spacing={24}
      >
        <WithStyles(Grid)
          item={true}
          xs={12}
        >
          <C
            component={[Function]}
            helper="normal"
            label="Pin"
            name="pin"
          />
        </WithStyles(Grid)>
        <WithStyles(Grid)
          item={true}
          key="0"
          xs={4}
        >
          <WithStyles(Button)
            id="button-7"
            onClick={[Function]}
            variant="contained"
          >
            7
          </WithStyles(Button)>
        </WithStyles(Grid)>
        <WithStyles(Grid)
          item={true}
          key="1"
          xs={4}
        >
          <WithStyles(Button)
            id="button-8"
            onClick={[Function]}
            variant="contained"
          >
            8
          </WithStyles(Button)>
        </WithStyles(Grid)>
        <WithStyles(Grid)
          item={true}
          key="2"
          xs={4}
        >
          <WithStyles(Button)
            id="button-9"
            onClick={[Function]}
            variant="contained"
          >
            9
          </WithStyles(Button)>
        </WithStyles(Grid)>
        <WithStyles(Grid)
          item={true}
          key="3"
          xs={4}
        >
          <WithStyles(Button)
            id="button-4"
            onClick={[Function]}
            variant="contained"
          >
            4
          </WithStyles(Button)>
        </WithStyles(Grid)>
        <WithStyles(Grid)
          item={true}
          key="4"
          xs={4}
        >
          <WithStyles(Button)
            id="button-5"
            onClick={[Function]}
            variant="contained"
          >
            5
          </WithStyles(Button)>
        </WithStyles(Grid)>
        <WithStyles(Grid)
          item={true}
          key="5"
          xs={4}
        >
          <WithStyles(Button)
            id="button-6"
            onClick={[Function]}
            variant="contained"
          >
            6
          </WithStyles(Button)>
        </WithStyles(Grid)>
        <WithStyles(Grid)
          item={true}
          key="6"
          xs={4}
        >
          <WithStyles(Button)
            id="button-1"
            onClick={[Function]}
            variant="contained"
          >
            1
          </WithStyles(Button)>
        </WithStyles(Grid)>
        <WithStyles(Grid)
          item={true}
          key="7"
          xs={4}
        >
          <WithStyles(Button)
            id="button-2"
            onClick={[Function]}
            variant="contained"
          >
            2
          </WithStyles(Button)>
        </WithStyles(Grid)>
        <WithStyles(Grid)
          item={true}
          key="8"
          xs={4}
        >
          <WithStyles(Button)
            id="button-3"
            onClick={[Function]}
            variant="contained"
          >
            3
          </WithStyles(Button)>
        </WithStyles(Grid)>
        <WithStyles(Grid)
          item={true}
          key="9"
          xs={4}
        >
          <WithStyles(Button)
            id="button-0"
            onClick={[Function]}
            variant="contained"
          >
            0
          </WithStyles(Button)>
        </WithStyles(Grid)>
        <WithStyles(Grid)
          item={true}
          xs={4}
        >
          <WithStyles(Button)
            color="secondary"
            onClick={[Function]}
            variant="contained"
          >
            Clear
          </WithStyles(Button)>
        </WithStyles(Grid)>
        <WithStyles(Grid)
          item={true}
          xs={4}
        >
          <WithStyles(Button)
            color="primary"
            disabled={true}
            type="submit"
            variant="contained"
          >
            Enter
          </WithStyles(Button)>
        </WithStyles(Grid)>
        <WithStyles(Grid)
          item={true}
          xs={12}
        >
          <WithStyles(Typography)
            color="error"
          />
        </WithStyles(Grid)>
      </WithStyles(Grid)>
    </Form>
  </div>
</div>
`;

exports[`Account Signin Component should render correctly 1`] = `
<div>
  <div>
    <Form>
      <WithStyles(Grid)
        container={true}
        spacing={24}
      >
        <WithStyles(Grid)
          item={true}
          xs={12}
        >
          <C
            component={[Function]}
            helper="normal"
            label="Pin"
            name="pin"
          />
        </WithStyles(Grid)>
        <WithStyles(Grid)
          item={true}
          key="0"
          xs={4}
        >
          <WithStyles(Button)
            id="button-7"
            onClick={[Function]}
            variant="contained"
          >
            7
          </WithStyles(Button)>
        </WithStyles(Grid)>
        <WithStyles(Grid)
          item={true}
          key="1"
          xs={4}
        >
          <WithStyles(Button)
            id="button-8"
            onClick={[Function]}
            variant="contained"
          >
            8
          </WithStyles(Button)>
        </WithStyles(Grid)>
        <WithStyles(Grid)
          item={true}
          key="2"
          xs={4}
        >
          <WithStyles(Button)
            id="button-9"
            onClick={[Function]}
            variant="contained"
          >
            9
          </WithStyles(Button)>
        </WithStyles(Grid)>
        <WithStyles(Grid)
          item={true}
          key="3"
          xs={4}
        >
          <WithStyles(Button)
            id="button-4"
            onClick={[Function]}
            variant="contained"
          >
            4
          </WithStyles(Button)>
        </WithStyles(Grid)>
        <WithStyles(Grid)
          item={true}
          key="4"
          xs={4}
        >
          <WithStyles(Button)
            id="button-5"
            onClick={[Function]}
            variant="contained"
          >
            5
          </WithStyles(Button)>
        </WithStyles(Grid)>
        <WithStyles(Grid)
          item={true}
          key="5"
          xs={4}
        >
          <WithStyles(Button)
            id="button-6"
            onClick={[Function]}
            variant="contained"
          >
            6
          </WithStyles(Button)>
        </WithStyles(Grid)>
        <WithStyles(Grid)
          item={true}
          key="6"
          xs={4}
        >
          <WithStyles(Button)
            id="button-1"
            onClick={[Function]}
            variant="contained"
          >
            1
          </WithStyles(Button)>
        </WithStyles(Grid)>
        <WithStyles(Grid)
          item={true}
          key="7"
          xs={4}
        >
          <WithStyles(Button)
            id="button-2"
            onClick={[Function]}
            variant="contained"
          >
            2
          </WithStyles(Button)>
        </WithStyles(Grid)>
        <WithStyles(Grid)
          item={true}
          key="8"
          xs={4}
        >
          <WithStyles(Button)
            id="button-3"
            onClick={[Function]}
            variant="contained"
          >
            3
          </WithStyles(Button)>
        </WithStyles(Grid)>
        <WithStyles(Grid)
          item={true}
          key="9"
          xs={4}
        >
          <WithStyles(Button)
            id="button-0"
            onClick={[Function]}
            variant="contained"
          >
            0
          </WithStyles(Button)>
        </WithStyles(Grid)>
        <WithStyles(Grid)
          item={true}
          xs={4}
        >
          <WithStyles(Button)
            color="secondary"
            onClick={[Function]}
            variant="contained"
          >
            Clear
          </WithStyles(Button)>
        </WithStyles(Grid)>
        <WithStyles(Grid)
          item={true}
          xs={4}
        >
          <WithStyles(Button)
            color="primary"
            disabled={true}
            type="submit"
            variant="contained"
          >
            Enter
          </WithStyles(Button)>
        </WithStyles(Grid)>
        <WithStyles(Grid)
          item={true}
          xs={12}
        >
          <WithStyles(Typography)
            color="error"
          />
        </WithStyles(Grid)>
      </WithStyles(Grid)>
    </Form>
  </div>
</div>
`;

exports[`Account Signin Component should render correctly withStyles 1`] = `
<AccountSigin
  classes={
    Object {
      "button": "AccountSigin-button-5",
      "centerText": "AccountSigin-centerText-6",
      "error": "AccountSigin-error-4",
      "hero": "AccountSigin-hero-1",
      "heroContent": "AccountSigin-heroContent-3",
      "textField": "AccountSigin-textField-2",
    }
  }
  errors={Object {}}
  isSubmitting={true}
  setFieldValue={[Function]}
  values={
    Object {
      "pin": "123",
    }
  }
/>
`;
