// Jest Snapshot v1, https://goo.gl/fbAQLP

exports[`Auth Signin Component should render correctly 1`] = `
<div>
  <Form>
    <WithStyles(Typography)
      variant="h6"
    >
      Select Network
    </WithStyles(Typography)>
    <C
      component={[Function]}
      helper="none"
      label="Network"
      name="username"
    />
    <C
      component={[Function]}
      helper="none"
      label="Password"
      name="password"
    />
    <WithStyles(Button)
      color="primary"
      disabled={true}
      type="submit"
      variant="contained"
    >
      Submit
    </WithStyles(Button)>
  </Form>
  <div>
    <WithStyles(Typography)
      color="error"
    />
  </div>
</div>
`;

exports[`Auth Signin Component should render correctly withStyles 1`] = `
<Component
  classes={
    Object {
      "button": "Component-button-4",
      "error": "Component-error-3",
      "hero": "Component-hero-1",
      "heroContent": "Component-heroContent-2",
    }
  }
  errors={Object {}}
  isSubmitting={true}
/>
`;
