// Jest Snapshot v1, https://goo.gl/fbAQLP

exports[`Export Component should render correctly 1`] = `
<div>
  <Form>
    <WithStyles(Grid)
      container={true}
      spacing={24}
    >
      <WithStyles(Grid)
        item={true}
        xs={12}
      >
        <WithStyles(Typography)
          variant="h3"
        >
          Export
        </WithStyles(Typography)>
      </WithStyles(Grid)>
      <WithStyles(Grid)
        item={true}
        xs={12}
      >
        <C
          component={[Function]}
          fullWidth={true}
          helper="normal"
          items={
            Array [
              Object {
                "id": 0,
                "name": "Payroll - Weekly",
              },
            ]
          }
          label="Export By"
          margin="none"
          name="exportCategory"
        />
        <C
          component={[Function]}
          helper="normal"
          label="From"
          margin="none"
          name="start"
          type="date"
        />
      </WithStyles(Grid)>
      <WithStyles(Grid)
        item={true}
        xs={12}
      >
        <C
          component={[Function]}
          fullWidth={true}
          label="File"
          margin="none"
          name="fileLocation"
          type="file"
        />
      </WithStyles(Grid)>
      <WithStyles(Grid)
        item={true}
        xs={12}
      >
        <WithStyles(Typography)
          variant="body1"
        />
        <div>
          <WithStyles(Button)
            color="primary"
            disabled={true}
            type="submit"
            variant="contained"
          >
            Export
          </WithStyles(Button)>
          <WithStyles(Button)
            color="secondary"
            onClick={[Function]}
            variant="text"
          >
            Cancel
          </WithStyles(Button)>
        </div>
      </WithStyles(Grid)>
    </WithStyles(Grid)>
  </Form>
</div>
`;

exports[`Export Component should render correctly withStyles 1`] = `
<Export
  cancel={[Function]}
  classes={
    Object {
      "error": "Export-error-6",
      "hero": "Export-hero-1",
      "heroContent": "Export-heroContent-3",
      "row": "Export-row-5",
      "spaceAround": "Export-spaceAround-4",
      "textField": "Export-textField-2",
      "title": "Export-title-7",
    }
  }
  errors={Object {}}
  isSubmitting={true}
  values={
    Object {
      "fileLocation": "123",
    }
  }
/>
`;
