// Jest Snapshot v1, https://goo.gl/fbAQLP

exports[`Subcategory Component should render correctly 1`] = `
<Form>
  <WithStyles(Grid)
    container={true}
    spacing={24}
  >
    <WithStyles(Grid)
      item={true}
      xs={12}
    >
      <WithStyles(Typography)
        variant="h6"
      >
        label
      </WithStyles(Typography)>
      <WithStyles(Tooltip)
        title="Delete"
      >
        <WithStyles(IconButton)
          aria-label="Delete"
          onClick={[Function]}
        >
          <pure(DeleteIcon) />
        </WithStyles(IconButton)>
      </WithStyles(Tooltip)>
    </WithStyles(Grid)>
    <WithStyles(Grid)
      item={true}
      xs={12}
    >
      <C
        component={[Function]}
        fullWidth={true}
        items={
          Array [
            Object {
              "id": 1,
            },
          ]
        }
        label="Authority"
        name="categoryId"
      />
    </WithStyles(Grid)>
    <WithStyles(Grid)
      item={true}
      xs={12}
    >
      <C
        component={[Function]}
        helper="normal"
        label="Type"
        margin="none"
        name="type"
        type="search"
      />
    </WithStyles(Grid)>
    <WithStyles(Grid)
      item={true}
      xs={12}
    >
      <WithStyles(Typography)
        color="error"
        variant="button"
      />
      <div>
        <WithStyles(Button)
          color="primary"
          disabled={true}
          type="submit"
          variant="contained"
        >
          Save
        </WithStyles(Button)>
        <WithStyles(Button)
          color="secondary"
          disabled={true}
          id="subcategory-reset-button"
          onClick={[Function]}
          variant="text"
        >
          Reset
        </WithStyles(Button)>
      </div>
    </WithStyles(Grid)>
  </WithStyles(Grid)>
</Form>
`;

exports[`Subcategory Component should render correctly withStyles 1`] = `
<Subcategory
  categories={
    Array [
      Object {
        "id": 1,
      },
    ]
  }
  classes={
    Object {
      "button": "Subcategory-button-7",
      "error": "Subcategory-error-6",
      "field": "Subcategory-field-4",
      "gridContainer": "Subcategory-gridContainer-1",
      "headerRow": "Subcategory-headerRow-3",
      "row": "Subcategory-row-2",
      "switchBox": "Subcategory-switchBox-5",
    }
  }
  errors={Object {}}
  initialValues={Object {}}
  isSubmitting={true}
  label="label"
  removeSubcategory={[Function]}
  resetForm={[Function]}
  setFieldValue={[Function]}
  type="edit"
/>
`;
