// Jest Snapshot v1, https://goo.gl/fbAQLP

exports[`Password Input should render correctly 1`] = `
<TextField
  FormHelperTextProps={
    Object {
      "error": true,
    }
  }
  InputLabelProps={
    Object {
      "shrink": true,
    }
  }
  fullWidth={true}
  helperText=" "
  label="label"
  margin="normal"
  name="name"
  required={false}
  select={false}
  type="password"
  variant="standard"
/>
`;

exports[`Password Input should render correctly withStyles 1`] = `
<TextField
  FormHelperTextProps={
    Object {
      "error": true,
    }
  }
  InputLabelProps={
    Object {
      "shrink": true,
    }
  }
  fullWidth={true}
  helperText=" "
  label="label"
  margin="normal"
  name="name"
  required={false}
  select={false}
  type="password"
  variant="standard"
/>
`;
