// Jest Snapshot v1, https://goo.gl/fbAQLP

exports[`App Components should render correctly 1`] = `
<div>
  <Connect(SnackRootContainer) />
  <Connect(RootModalContainer) />
  <Component
    component={[Function]}
    key="0"
    name="Signin"
    path="/"
    routes={
      Array [
        Object {
          "component": [Function],
          "exact": true,
          "name": "Signin",
          "path": "/",
        },
      ]
    }
  />
  <Component
    component={[Function]}
    key="1"
    name="Employee"
    path="/employee"
    routes={
      Array [
        Object {
          "component": [Function],
          "exact": true,
          "name": "Employee Actions",
          "path": "/employee",
          "type": "employee",
        },
        Object {
          "component": [Function],
          "exact": true,
          "name": "Employee Clockout",
          "path": "/employee/clockout",
          "type": "employee",
        },
      ]
    }
  />
  <Component
    component={[Function]}
    key="2"
    name="Manager"
    path="/manager"
    routes={
      Array [
        Object {
          "component": [Function],
          "exact": true,
          "name": "Manager Actions",
          "path": "/manager",
          "type": "manager",
        },
        Object {
          "component": [Function],
          "exact": true,
          "name": "Manager Clockout",
          "path": "/manager/clockout",
          "type": "manager",
        },
        Object {
          "component": [Function],
          "exact": true,
          "name": "Manager Export",
          "path": "/manager/export",
          "type": "manager",
        },
      ]
    }
  />
  <Component
    component={[Function]}
    key="3"
    name="Admin"
    path="/admin"
    routes={
      Array [
        Object {
          "component": [Function],
          "exact": true,
          "name": "Admin Actions",
          "path": "/admin",
          "type": "admin",
        },
        Object {
          "component": [Function],
          "exact": true,
          "name": "Admin Clockout",
          "path": "/admin/clockout",
          "type": "admin",
        },
        Object {
          "component": [Function],
          "exact": true,
          "name": "Admin Export",
          "path": "/admin/export",
          "type": "admin",
        },
        Object {
          "component": [Function],
          "exact": true,
          "name": "Admin Analyze",
          "path": "/admin/analyze",
          "type": "admin",
        },
      ]
    }
  />
</div>
`;

exports[`App Components should render correctly withRouter 1`] = `
<BrowserRouter>
  <Switch>
    <Route
      component={[Function]}
      path="/auth"
    />
    <Connect(PrivateRoute)
      component={[Function]}
      path="/"
    />
  </Switch>
</BrowserRouter>
`;

exports[`App should render correctly 1`] = `
<div>
  <Connect(SnackRootContainer) />
  <Connect(RootModalContainer) />
  <Component
    component={[Function]}
    key="0"
    name="Signin"
    path="/"
    routes={
      Array [
        Object {
          "component": [Function],
          "exact": true,
          "name": "Signin",
          "path": "/",
        },
      ]
    }
  />
  <Component
    component={[Function]}
    key="1"
    name="Employee"
    path="/employee"
    routes={
      Array [
        Object {
          "component": [Function],
          "exact": true,
          "name": "Employee Actions",
          "path": "/employee",
          "type": "employee",
        },
        Object {
          "component": [Function],
          "exact": true,
          "name": "Employee Clockout",
          "path": "/employee/clockout",
          "type": "employee",
        },
      ]
    }
  />
  <Component
    component={[Function]}
    key="2"
    name="Manager"
    path="/manager"
    routes={
      Array [
        Object {
          "component": [Function],
          "exact": true,
          "name": "Manager Actions",
          "path": "/manager",
          "type": "manager",
        },
        Object {
          "component": [Function],
          "exact": true,
          "name": "Manager Clockout",
          "path": "/manager/clockout",
          "type": "manager",
        },
        Object {
          "component": [Function],
          "exact": true,
          "name": "Manager Export",
          "path": "/manager/export",
          "type": "manager",
        },
      ]
    }
  />
  <Component
    component={[Function]}
    key="3"
    name="Admin"
    path="/admin"
    routes={
      Array [
        Object {
          "component": [Function],
          "exact": true,
          "name": "Admin Actions",
          "path": "/admin",
          "type": "admin",
        },
        Object {
          "component": [Function],
          "exact": true,
          "name": "Admin Clockout",
          "path": "/admin/clockout",
          "type": "admin",
        },
        Object {
          "component": [Function],
          "exact": true,
          "name": "Admin Export",
          "path": "/admin/export",
          "type": "admin",
        },
        Object {
          "component": [Function],
          "exact": true,
          "name": "Admin Analyze",
          "path": "/admin/analyze",
          "type": "admin",
        },
      ]
    }
  />
</div>
`;

exports[`App should render correctly withRouter 1`] = `
<BrowserRouter>
  <Switch>
    <Route
      component={[Function]}
      path="/auth"
    />
    <Connect(PrivateRoute)
      component={[Function]}
      path="/"
    />
  </Switch>
</BrowserRouter>
`;
